
[1m[46m RUN [49m[22m [36mv4.1.1 [39m[90mD:/dna[39m


[2m Test Files [22m [1m[32m1 passed[39m[22m[90m (1)[39m
[2m      Tests [22m [1m[32m5 passed[39m[22m[90m (5)[39m
[2m   Start at [22m 09:40:52
[2m   Duration [22m 211ms[2m (transform 34ms, setup 0ms, import 49ms, tests 4ms, environment 0ms)[22m

